// Jest Snapshot v1, https://goo.gl/fbAQLP

exports[`<LoadingPlaceholder /> renders correctly on initial mount 1`] = `
<div>
  <div
    class="loading-placeholder"
  >
    Loading
    .
  </div>
</div>
`;
