// Jest Snapshot v1, https://goo.gl/fbAQLP

exports[`<MyList /> renders correctly 1`] = `
<div>
  <div
    class="user-page"
  >
    <header
      class="page-header user-page__head"
    >
      <div
        class="logo"
      >
        <a
          class="logo__link"
          href="/"
        >
          <span
            class="logo__letter logo__letter--1"
          >
            W
          </span>
          <span
            class="logo__letter logo__letter--2"
          >
            T
          </span>
          <span
            class="logo__letter logo__letter--3"
          >
            W
          </span>
        </a>
      </div>
    </header>
    <main
      class="info-screen"
    >
      <h2
        class="info-screen__heading"
      >
        Oops...
      </h2>
      <p
        class="info-screen__message"
      >
        It looks like you're offline ðŸ‘€
      </p>
      <p
        class="info-screen__message"
      >
        Press here if you think you've restored connection:
      </p>
      <button
        class="btn info-screen__btn"
        type="button"
      >
        <span>
          Connect me!
        </span>
      </button>
    </main>
    <footer
      class="page-footer"
    >
      <div
        class="logo"
      >
        <a
          class="logo__link"
          href="/"
        >
          <span
            class="logo__letter logo__letter--1"
          >
            W
          </span>
          <span
            class="logo__letter logo__letter--2"
          >
            T
          </span>
          <span
            class="logo__letter logo__letter--3"
          >
            W
          </span>
        </a>
      </div>
      <div
        class="copyright"
      >
        <p>
          Â© 2019 What to watch Ltd.
        </p>
      </div>
    </footer>
  </div>
</div>
`;
