// Jest Snapshot v1, https://goo.gl/fbAQLP

exports[`<Logout /> renders correctly 1`] = `
<div>
  <div>
    <section
      class="movie-card"
    >
      <div
        class="movie-card__bg"
      >
        <img
          alt="Macbeth"
          src="https://assets.htmlacademy.ru/intensives/javascript-3/film/background/Macbeth.jpg"
        />
      </div>
      <h1
        class="visually-hidden"
      >
        WTW
      </h1>
      <header
        class="page-header movie-card__head"
      >
        <div
          class="logo"
        >
          <a
            class="logo__link"
            href="/"
          >
            <span
              class="logo__letter logo__letter--1"
            >
              W
            </span>
            <span
              class="logo__letter logo__letter--2"
            >
              T
            </span>
            <span
              class="logo__letter logo__letter--3"
            >
              W
            </span>
          </a>
        </div>
        <div
          class="user-block"
        >
          <a
            class="user-block__link"
            href="/mylist"
          >
            <div
              class="user-block__avatar"
            >
              <img
                alt="User avatar"
                height="63"
                src="https://assets.htmlacademy.ru/intensives/javascript-3/avatar/6.jpg"
                width="63"
              />
            </div>
          </a>
        </div>
      </header>
      <div
        class="movie-card__wrap"
      >
        <div
          class="movie-card__info"
        >
          <div
            class="movie-card__poster"
          >
            <img
              alt="Macbeth poster"
              height="327"
              src="https://assets.htmlacademy.ru/intensives/javascript-3/film/poster/Macbeth.jpg"
              width="218"
            />
          </div>
          <div
            class="movie-card__desc"
          >
            <h2
              class="movie-card__title"
            >
              Macbeth
            </h2>
            <p
              class="movie-card__meta"
            >
              <span
                class="movie-card__genre"
              >
                Drama
              </span>
              <span
                class="movie-card__year"
              >
                2015
              </span>
            </p>
            <div
              class="movie-card__buttons"
            >
              <button
                class="btn btn--play movie-card__button"
                type="button"
              >
                <svg
                  height="19"
                  viewBox="0 0 19 19"
                  width="19"
                >
                  <use
                    xlink:href="#play-s"
                  />
                </svg>
                <span>
                  Play
                </span>
              </button>
              <button
                class="btn btn--list movie-card__button"
                type="button"
              >
                <svg
                  height="20"
                  viewBox="0 0 19 20"
                  width="19"
                >
                  <use
                    xlink:href="#in-list"
                  />
                </svg>
                <span>
                  My list
                </span>
              </button>
            </div>
          </div>
        </div>
      </div>
    </section>
    <div
      class="page-content"
    >
      <section
        class="catalog"
      >
        <h2
          class="catalog__title visually-hidden"
        >
          Catalog
        </h2>
        <ul
          class="catalog__genres-list"
        >
          <li
            class="catalog__genres-item catalog__genres-item--active"
          >
            <a
              class="catalog__genres-link"
              href="#"
            >
              All genres
            </a>
          </li>
          <li
            class="catalog__genres-item "
          >
            <a
              class="catalog__genres-link"
              href="#"
            >
              Action
            </a>
          </li>
          <li
            class="catalog__genres-item "
          >
            <a
              class="catalog__genres-link"
              href="#"
            >
              Adventure
            </a>
          </li>
          <li
            class="catalog__genres-item "
          >
            <a
              class="catalog__genres-link"
              href="#"
            >
              Comedy
            </a>
          </li>
          <li
            class="catalog__genres-item "
          >
            <a
              class="catalog__genres-link"
              href="#"
            >
              Crime
            </a>
          </li>
          <li
            class="catalog__genres-item "
          >
            <a
              class="catalog__genres-link"
              href="#"
            >
              Drama
            </a>
          </li>
          <li
            class="catalog__genres-item "
          >
            <a
              class="catalog__genres-link"
              href="#"
            >
              Fantasy
            </a>
          </li>
          <li
            class="catalog__genres-item "
          >
            <a
              class="catalog__genres-link"
              href="#"
            >
              Thriller
            </a>
          </li>
        </ul>
        <div
          class="catalog__movies-list"
        >
          <article
            class="small-movie-card catalog__movies-card"
            style="cursor: pointer;"
          >
            <div
              class="small-movie-card__image"
            >
              <div>
                This is a VideoPlayer placeholder
              </div>
            </div>
            <h3
              class="small-movie-card__title"
              style="pointer-events: none;"
            >
              <span
                class="small-movie-card__link"
              >
                Macbeth
              </span>
            </h3>
          </article>
          <article
            class="small-movie-card catalog__movies-card"
            style="cursor: pointer;"
          >
            <div
              class="small-movie-card__image"
            >
              <div>
                This is a VideoPlayer placeholder
              </div>
            </div>
            <h3
              class="small-movie-card__title"
              style="pointer-events: none;"
            >
              <span
                class="small-movie-card__link"
              >
                Beach
              </span>
            </h3>
          </article>
          <article
            class="small-movie-card catalog__movies-card"
            style="cursor: pointer;"
          >
            <div
              class="small-movie-card__image"
            >
              <div>
                This is a VideoPlayer placeholder
              </div>
            </div>
            <h3
              class="small-movie-card__title"
              style="pointer-events: none;"
            >
              <span
                class="small-movie-card__link"
              >
                Dardjeeling Limited
              </span>
            </h3>
          </article>
          <article
            class="small-movie-card catalog__movies-card"
            style="cursor: pointer;"
          >
            <div
              class="small-movie-card__image"
            >
              <div>
                This is a VideoPlayer placeholder
              </div>
            </div>
            <h3
              class="small-movie-card__title"
              style="pointer-events: none;"
            >
              <span
                class="small-movie-card__link"
              >
                No Country for Old Men
              </span>
            </h3>
          </article>
          <article
            class="small-movie-card catalog__movies-card"
            style="cursor: pointer;"
          >
            <div
              class="small-movie-card__image"
            >
              <div>
                This is a VideoPlayer placeholder
              </div>
            </div>
            <h3
              class="small-movie-card__title"
              style="pointer-events: none;"
            >
              <span
                class="small-movie-card__link"
              >
                Shutter Island
              </span>
            </h3>
          </article>
          <article
            class="small-movie-card catalog__movies-card"
            style="cursor: pointer;"
          >
            <div
              class="small-movie-card__image"
            >
              <div>
                This is a VideoPlayer placeholder
              </div>
            </div>
            <h3
              class="small-movie-card__title"
              style="pointer-events: none;"
            >
              <span
                class="small-movie-card__link"
              >
                Matrix
              </span>
            </h3>
          </article>
          <article
            class="small-movie-card catalog__movies-card"
            style="cursor: pointer;"
          >
            <div
              class="small-movie-card__image"
            >
              <div>
                This is a VideoPlayer placeholder
              </div>
            </div>
            <h3
              class="small-movie-card__title"
              style="pointer-events: none;"
            >
              <span
                class="small-movie-card__link"
              >
                Orlando
              </span>
            </h3>
          </article>
          <article
            class="small-movie-card catalog__movies-card"
            style="cursor: pointer;"
          >
            <div
              class="small-movie-card__image"
            >
              <div>
                This is a VideoPlayer placeholder
              </div>
            </div>
            <h3
              class="small-movie-card__title"
              style="pointer-events: none;"
            >
              <span
                class="small-movie-card__link"
              >
                The Revenant
              </span>
            </h3>
          </article>
        </div>
        <div
          class="catalog__more"
        >
          <button
            class="catalog__button"
            type="button"
          >
            Show more
          </button>
        </div>
      </section>
      <footer
        class="page-footer"
      >
        <div
          class="logo"
        >
          <a
            class="logo__link"
            href="/"
          >
            <span
              class="logo__letter logo__letter--1"
            >
              W
            </span>
            <span
              class="logo__letter logo__letter--2"
            >
              T
            </span>
            <span
              class="logo__letter logo__letter--3"
            >
              W
            </span>
          </a>
        </div>
        <div
          class="copyright"
        >
          <p>
            © 2019 What to watch Ltd.
          </p>
        </div>
      </footer>
    </div>
  </div>
</div>
`;
